// Jest Snapshot v1, https://goo.gl/fbAQLP

exports[`renders loader component currectly 1`] = `
<View
  style={
    {
      "alignItems": "center",
      "flex": 1,
      "justifyContent": "center",
    }
  }
>
  <ActivityIndicator
    color="#8b7f79"
    size={61.191865835619396}
  />
</View>
`;
